[
  {
    "comment": "basic join",
    "expected": "basic/join",
    "actual": "basic/join",
    "args": [
      "basic",
      "join"
    ]
  },
  {
    "comment": "null first",
    "expected": "join",
    "actual": "join",
    "args": [
      null,
      "join"
    ]
  },
  {
    "comment": "null second",
    "expected": "basic",
    "actual": "basic",
    "args": [
      "basic",
      null
    ]
  },
  {
    "comment": "null middle",
    "expected": "basic/join",
    "actual": "basic/join",
    "args": [
      "basic",
      null,
      "join"
    ]
  },
  {
    "comment": "starts with a slash",
    "expected": "/basic/join",
    "actual": "/basic/join",
    "args": [
      "/basic",
      "join"
    ]
  },
  {
    "comment": "already has slash",
    "expected": "basic/join",
    "actual": "basic/join",
    "args": [
      "basic",
      "/join"
    ]
  },
  {
    "comment": "slash at end",
    "expected": "basic/join/",
    "actual": "basic/join/",
    "args": [
      "basic",
      "join/"
    ]
  },
  {
    "comment": "wrong slash direction to start",
    "expected": "/basic/join/",
    "actual": "/basic/join/",
    "args": [
      "\\basic\\",
      "\\join\\"
    ]
  },
  {
    "comment": "argument is only a slash",
    "expected": "/join",
    "actual": "/join",
    "args": [
      "/",
      "join"
    ]
  }
]