[
  {
    "expected": "sharp",
    "actual": "sharp",
    "args": "#"
  },
  {
    "expected": "sharp_hello_sharp",
    "actual": "sharp_hello_sharp",
    "args": "#_hello_#"
  },
  {
    "expected": "",
    "actual": "",
    "args": null
  },
  {
    "expected": "plus",
    "actual": "plus",
    "args": "+"
  }
]