[
  {
    "actual": "basic/join",
    "args": [
      "basic",
      "join"
    ],
    "comment": "basic join",
    "expected": "basic/join"
  },
  {
    "actual": "join",
    "args": [
      null,
      "join"
    ],
    "comment": "null first",
    "expected": "join"
  },
  {
    "actual": "basic",
    "args": [
      "basic",
      null
    ],
    "comment": "null second",
    "expected": "basic"
  },
  {
    "actual": "basic/join",
    "args": [
      "basic",
      null,
      "join"
    ],
    "comment": "null middle",
    "expected": "basic/join"
  },
  {
    "actual": "/basic/join",
    "args": [
      "/basic",
      "join"
    ],
    "comment": "starts with a slash",
    "expected": "/basic/join"
  },
  {
    "actual": "basic/join",
    "args": [
      "basic",
      "/join"
    ],
    "comment": "already has slash",
    "expected": "basic/join"
  },
  {
    "actual": "basic/join/",
    "args": [
      "basic",
      "join/"
    ],
    "comment": "slash at end",
    "expected": "basic/join/"
  },
  {
    "actual": "/basic/join/",
    "args": [
      "\\basic\\",
      "\\join\\"
    ],
    "comment": "wrong slash direction to start",
    "expected": "/basic/join/"
  },
  {
    "actual": "/join",
    "args": [
      "/",
      "join"
    ],
    "comment": "argument is only a slash",
    "expected": "/join"
  }
]
