this is some test content with a gist: <script src="https://gist.github.com/FFFFFFFFFF.js?file=testFile%2BotherName.js"></script>